[Fichiers Doc]
   A1 = SAUNORD(AcidoCetose).html
   A1 = SAUNORD(Acidose Metabolique).html
   A1 = SAUNORD(ArretCardiaque).html
   A1 = SAUNORD(AsthmreAiguGrave).html
   A1 = SAUNORD(AVC).html
   A1 = SAUNORD(Choc).html
   A1 = SAUNORD(Coliques Nephretiques).html
   A1 = SAUNORD(Decompensation BPCO).html
   A1 = SAUNORD(Dermato).html
   A1 = SAUNORD(Douleur).html
   A1 = SAUNORD(Doul.Thoracique).html
   A1 = SAUNORD(Dyskaliemies).html
   A1 = SAUNORD(Electrisation).html
   A1 = SAUNORD(Epilepsie).html
   A1 = SAUNORD(Fractures des Membres).html
   A1 = SAUNORD(HemorragieDigestive).html
   A1 = SAUNORD(Heparine).html
   A1 = SAUNORD(HTAsévère).html
   A1 = SAUNORD(Hypothermie).html
   A1 = SAUNORD(InfUrinaires).html
   A1 = SAUNORD(IntoxAigues).html
   A1 = SAUNORD(IntoxCO).html
   A1 = SAUNORD(Intubation).html
   A1 = SAUNORD(Meningites).html
   A1 = SAUNORD(Morphine).html
   A1 = SAUNORD(Morsures).html
   A1 = SAUNORD(Noyades).html
   A1 = SAUNORD(OAP).html
   A1 = SAUNORD(OH Aigue).html
   A1 = SAUNORD(PancreatitesAigues).html
   A1 = SAUNORD(Patient Agite).html
   A1 = SAUNORD(Pb MedicoAdminist).html
   A1 = SAUNORD(Perfusions).html
   A1 = SAUNORD(Petite Chirurgie).html
   A1 = SAUNORD(Pneumopathies).html
   A1 = SAUNORD(Polytraumatise).html
   A1 = SAUNORD(ProphyIaireMeningite).html
   A1 = SAUNORD(Ptrotocole Entonox).html
   A1 = SAUNORD(Sedation).html
   A1 = SAUNORD(Tetanos).html
   A1 = SAUNORD(Thrombopenies).html
   A1 = SAUNORD(Toxico).html
   A1 = SAUNORD(Trouble Hydratation).html
   A1 = SAUNORD((VIH et Urgences).html
   A1 = SAUNORD(Viol).html