[Configuration]
   IsQT_Doc = n
[Fichiers Doc]
   A1 = Acné.html
   A1 = Adénome prostatique traitement.html
   A1 = Aerateur transtympanique ATT.html
   A1 = AINS prescription.html
   A1 = Antibiotiques en pratique courante.html
   A1 = Antidépresseurs.html
   A1 = Antiulcéreux prescription.html
   A1 = Appendicite.html
   A1 = Asthme.html
   A1 = Bilans biologiques systématiques.html
   A1 = Cancer de la prostate.html
   A1 = Cholécystectomie chez l'adulte sf grossesse.html
   A1 = Contraception orale surveillance.html
   A1 = Diabète NID.html
   A1 = Echographie pour grossesse normale.html
   A1 = EEG.html
   A1 = EFR.html
   A1 = EMG.html
   A1 = Endartérectomie.html
   A1 = Endoscopie digestives basses.html
   A1 = Endoscopies digestives hautes.html
   A1 = Examens préopératoires.html
   A1 = Frotis cervicaux en pratique courante.html
   A1 = Genou exploration et chirurgie.html
   A1 = Grossesse examens biologiques.html
   A1 = hCG recherche.html
   A1 = Hématologie en pratique courante.html
   A1 = Hépatite virale sérologie.html
   A1 = Hormones thyroïdiennes dosage.html
   A1 = HTA légère essentielle prise en charge.html
   A1 = Hypercholestérolémies adulte prise en charge.html
   A1 = Hypnotiques et anxiolitiques.html
   A1 = Hypolipidémiants.html
   A1 = Hystérectomie.html
   A1 = Imagerie arthrose et algies rachidiennes.html
   A1 = Insuffisance coronaire techniques invasives.html
   A1 = IVC des membres inf.html
   A1 = Kinésithérapie.html
   A1 = Lombosciatique commune.html
   A1 = magnésium dosage sérique ou globulaire.html
   A1 = Mammo et écho en pratique courante.html
   A1 = Marqueurs tumoraux en dépistage.html
   A1 = Neuroleptiques prescription.html
   A1 = OLT chez les IRC.html
   A1 = Prothèse de hanche.html
   A1 = Psychoses maniacodépressives traitement.html
   A1 = RGO nourisson exploration et suivi.html
   A1 = Stérilité du couple.html
   A1 = Tumeurs cutanées.html
   A1 = Vasoactifs dans l'artériopathie oblitérante mb inf.html
   A1 = Vasodilatateurs veinotoniques dans l' ICC.html
   A1 = Veinotropes dans l'insuff des membres inf.html